Test suite 'all tests' > Test suite 'ParallelSuite' > Test suite 'Worker 1' > parallelTest1() succeeded
Test suite 'all tests' > Test suite 'ParallelSuite' > Test suite 'Worker 2' > parallelTest2() succeeded
Test suite 'all tests' > Test suite 'ParallelSuite' > Test suite 'Worker 2' > parallelTest3() succeeded
Test suite 'all tests' > Test suite 'ParallelSuite' > Test suite 'Worker 1' succeeded
Test suite 'all tests' > Test suite 'ParallelSuite' > Test suite 'Worker 2' succeeded
Test suite 'all tests' > Test suite 'ParallelSuite' > Test suite 'Worker 3' succeeded
Test suite 'all tests' > Test suite 'ParallelSuite' succeeded
Test suite 'all tests' > Test suite 'MyTestSuite' > test(0) skipped
Test suite 'all tests' > Test suite 'MyTestSuite' > test(1) succeeded
Test suite 'all tests' > Test suite 'MyTestSuite' > test(2) succeeded
Test suite 'all tests' > Test suite 'MyTestSuite' > test(3) skipped
Test suite 'all tests' > Test suite 'MyTestSuite' > test(4) succeeded
Test suite 'all tests' > Test suite 'MyTestSuite' > test(5) succeeded
Test suite 'all tests' > Test suite 'MyTestSuite' > test(6) skipped
Test suite 'all tests' > Test suite 'MyTestSuite' > test(7) succeeded
Test suite 'all tests' > Test suite 'MyTestSuite' > test(8) succeeded
Test suite 'all tests' > Test suite 'MyTestSuite' > test(9) skipped
Test suite 'all tests' > Test suite 'MyTestSuite' succeeded
Test suite 'all tests' > Test suite 'OuterNestingSuite' > Test suite 'DeeperNestingSuite' > Test suite 'InnerNestingSuite' > nestedTest() succeeded
Test suite 'all tests' > Test suite 'OuterNestingSuite' > Test suite 'DeeperNestingSuite' > Test suite 'InnerNestingSuite' succeeded
Test suite 'all tests' > Test suite 'OuterNestingSuite' > Test suite 'DeeperNestingSuite' succeeded
Test suite 'all tests' > Test suite 'OuterNestingSuite' succeeded
Test suite 'all tests' succeeded
